{"images/layerMonthsBg.png":"images/layerMonthsBg.4ad48285009546b6.png","images/selectMonth_btn.png":"images/selectMonth_btn.c2a4af4e855d36c2.png","images/global.png":"images/global.026ee989e78d2001.png","images/logo.png":"images/logo.f42fea31f7cdfc70.png","images/ico-calendar.png":"images/ico-calendar.8b2c4618d4bef8d4.png","images/loading_48px.gif":"images/loading_48px.1523adda7897698e.gif","images/ico-close.png":"images/ico-close.37cc2f1a5858fad5.png","images/cover.png":"images/cover.15dd1549d9c163f2.png","css/global.css":"css/global.46c148fd20c0298d.css","css/account.css":"css/account.6c6eb92452f77cf8.css","css/experience-datas.css":"css/experience-datas.c5da1d1968ce6068.css","css/recommend.css":"css/recommend.91f1a368418b418e.css","css/rank.css":"css/rank.f10963be6ce877c9.css","css/coeff.css":"css/coeff.e6b91daa4fa4c0fa.css","css/coeff-detail.css":"css/coeff-detail.29b9486c08678cc9.css","css/today-analysis.css":"css/today-analysis.8803893827285c80.css","app/page-m2-om3":"app/page-m2-om3.20a9a994953dd0f6","app/account":"app/account.ad24bf9c348a724d","app/page-m1-om3":"app/page-m1-om3.66536eac7afd8bf5","app/page-m2-om4":"app/page-m2-om4.165380302b3e0d86","app/page-index":"app/page-index.12ec2a5d8e432c13","app/page/mall/goods-manage":"app/page/mall/goods-manage.52c31a04f48b3470","app/page-m3-om1":"app/page-m3-om1.780732917dfeef31","app/page-m3-om2":"app/page-m3-om2.3ceaaf6a18edce3d","app/page-m3-om3":"app/page-m3-om3.9974fe3ee816d49b","app/page-m3-om11":"app/page-m3-om11.06f14d23968fe788","app/page-m3-om12":"app/page-m3-om12.0f69fe1aee83346c","app/page-m3-om13":"app/page-m3-om13.0639cef686a84538","app/page-m3-om21":"app/page-m3-om21.9011aa85c4ed65f8","app/m4-accounts":"app/m4-accounts.6911201e9f60b075","app/m4-orders":"app/m4-orders.03287d35bd1fffa1","app/m4-services":"app/m4-services.9f3508483de6c65a","app/page/mall/goods-recommend":"app/page/mall/goods-recommend.fd294c365c407e5e","app/page/m5/om1":"app/page/m5/om1.b3a3a410d869b4b1","app/widget/threshold":"app/widget/threshold.b172ffc1c47f379f","app/page/m5/om2":"app/page/m5/om2.0db1817bdee3baa7","app/page/m5/om3":"app/page/m5/om3.9b93dc93f66323bb","app/page/m5/om4":"app/page/m5/om4.e249494149af3bc6","app/page/m5/om5":"app/page/m5/om5.56885d8723100ec3","app/page/m6/om1":"app/page/m6/om1.8fbd569406422f1a","app/page/m6/om2":"app/page/m6/om2.5beb913bf0c4b1f7","app/page/m6/om3":"app/page/m6/om3.5ef1874f5899a9c6","app/page/m6/om4-1":"app/page/m6/om4-1.a2f42265f2c7fd12","app/page/m6/om4-2":"app/page/m6/om4-2.66258e327a440b0a","app/page/m6/om4-3":"app/page/m6/om4-3.3643a15aa6fb99f6","app/page/m6/om4-4":"app/page/m6/om4-4.02db10d1db1f5abd","app/page/m6/om4-5":"app/page/m6/om4-5.0b01e0eb69ece3e2","app/page/m6/om4":"app/page/m6/om4.4c08c9207748854c","app/page-m1-om4":"app/page-m1-om4.20d7e8b8ee04a177","app/page-m2-om2":"app/page-m2-om2.39562e01895b743d","app/page-m2-om1":"app/page-m2-om1.ec5ccfdfbcae3348","comp/charts/barChart":"comp/charts/barChart.5f27893aad4b0c7a","app/page-welcome":"app/page-welcome.557d3fe0b820d8bb","app/page-m1-om2":"app/page-m1-om2.1cbfbc847e63809d","rs-config":"rs-config.969ede6cebb79a9a"}